\BOOKMARK [0][-]{chapter*.1}{\376\377\000P\000r\000e\000f\000a\000c\000e}{}% 1
\BOOKMARK [0][-]{chapter*.2}{\376\377\000I\000n\000t\000r\000o\000d\000u\000c\000t\000i\000o\000n}{}% 2
\BOOKMARK [1][-]{section*.3}{\376\377\000S\000m\000a\000r\000t\000D\000r\000o\000n\000e\000D\000e\000l\000i\000v\000e\000r\000y\000\040\000P\000l\000a\000t\000f\000o\000r\000m\000\040}{chapter*.2}% 3
\BOOKMARK [1][-]{section*.19}{\376\377\000A\000n\000s\000w\000e\000r\000\040\000t\000o\000\040\000t\000h\000e\000\040\000q\000u\000e\000s\000t\000i\000o\000n}{chapter*.2}% 4
\BOOKMARK [1][-]{section*.21}{\376\377\000P\000o\000s\000i\000t\000i\000o\000n\000i\000n\000g\000\040\000i\000n\000\040\000t\000h\000e\000\040\000l\000i\000t\000e\000r\000a\000t\000u\000r\000e}{chapter*.2}% 5
\BOOKMARK [1][-]{section*.23}{\376\377\000A\000\040\000s\000e\000c\000t\000i\000o\000n}{chapter*.2}% 6
\BOOKMARK [1][-]{section*.26}{\376\377\000A\000\040\000f\000i\000n\000a\000l\000\040\000i\000n\000t\000r\000o\000d\000u\000c\000t\000i\000o\000n\000\040\000s\000e\000c\000t\000i\000o\000n}{chapter*.2}% 7
\BOOKMARK [0][-]{chapter*.29}{\376\377\000S\000e\000c\000t\000i\000o\000n\000s\000\040\000a\000n\000d\000\040\000c\000o\000n\000t\000e\000n\000t}{}% 8
\BOOKMARK [1][-]{section*.31}{\376\377\000G\000e\000n\000e\000r\000i\000c\000\040\000s\000e\000c\000t\000i\000o\000n}{chapter*.29}% 9
\BOOKMARK [1][-]{section*.34}{\376\377\000P\000a\000r\000a\000g\000r\000a\000p\000h\000s}{chapter*.29}% 10
\BOOKMARK [1][-]{section*.37}{\376\377\000R\000e\000f\000e\000r\000e\000n\000c\000e\000s}{chapter*.29}% 11
\BOOKMARK [1][-]{section*.39}{\376\377\000U\000R\000L}{chapter*.29}% 12
\BOOKMARK [0][-]{chapter*.40}{\376\377\000M\000a\000t\000h}{}% 13
\BOOKMARK [1][-]{section*.41}{\376\377\000R\000o\000m\000a\000n\000\040\000l\000e\000t\000t\000e\000r\000s}{chapter*.40}% 14
\BOOKMARK [1][-]{section*.43}{\376\377\000D\000i\000g\000i\000t\000s}{chapter*.40}% 15
\BOOKMARK [1][-]{section*.44}{\376\377\000G\000r\000e\000e\000k\000\040\000l\000e\000t\000t\000e\000r\000s}{chapter*.40}% 16
\BOOKMARK [1][-]{section*.46}{\376\377\000C\000a\000l\000l\000i\000g\000r\000a\000p\000h\000i\000c\000\040\000l\000e\000t\000t\000e\000r\000s}{chapter*.40}% 17
\BOOKMARK [1][-]{section*.48}{\376\377\000B\000l\000a\000c\000k\000b\000o\000a\000r\000d\000-\000b\000o\000l\000d\000\040\000l\000e\000t\000t\000e\000r\000s}{chapter*.40}% 18
\BOOKMARK [1][-]{section*.49}{\376\377\000S\000y\000m\000b\000o\000l\000s}{chapter*.40}% 19
\BOOKMARK [1][-]{section*.52}{\376\377\000B\000o\000l\000d\000\040\000c\000h\000a\000r\000a\000c\000t\000e\000r\000s}{chapter*.40}% 20
\BOOKMARK [1][-]{section*.53}{\376\377\000O\000p\000e\000r\000a\000t\000o\000r\000s}{chapter*.40}% 21
\BOOKMARK [1][-]{section*.55}{\376\377\000S\000o\000m\000e\000\040\000e\000q\000u\000a\000t\000i\000o\000n\000s}{chapter*.40}% 22
\BOOKMARK [1][-]{section*.56}{\376\377\000S\000o\000m\000e\000\040\000p\000r\000o\000p\000o\000s\000i\000t\000i\000o\000n\000s\000,\000\040\000t\000h\000e\000o\000r\000e\000m\000s\000,\000\040\000a\000n\000d\000\040\000l\000e\000m\000m\000a\000s}{chapter*.40}% 23
\BOOKMARK [-1][-]{part*.63}{\376\377\000I\000\040\000S\000e\000c\000o\000n\000d\000\040\000h\000a\000l\000f\000\040\000o\000f\000\040\000t\000h\000e\000\040\000b\000o\000o\000k}{}% 24
\BOOKMARK [0][-]{chapter*.64}{\376\377\000L\000i\000s\000t\000s\000,\000\040\000f\000i\000g\000u\000r\000e\000s\000,\000\040\000a\000n\000d\000\040\000t\000a\000b\000l\000e\000s}{part*.63}% 25
\BOOKMARK [1][-]{section*.65}{\376\377\000S\000o\000m\000e\000\040\000i\000t\000e\000m\000i\000z\000e\000d\000\040\000l\000i\000s\000t\000s}{chapter*.64}% 26
\BOOKMARK [1][-]{section*.66}{\376\377\000S\000o\000m\000e\000\040\000n\000u\000m\000b\000e\000r\000e\000d\000\040\000l\000i\000s\000t\000s}{chapter*.64}% 27
\BOOKMARK [1][-]{section*.75}{\376\377\000F\000i\000g\000u\000r\000e\000s\000\040\000a\000n\000d\000\040\000g\000r\000a\000p\000h\000s}{chapter*.64}% 28
\BOOKMARK [1][-]{section*.82}{\376\377\000A\000\040\000s\000i\000m\000p\000l\000e\000\040\000t\000a\000b\000l\000e}{chapter*.64}% 29
\BOOKMARK [1][-]{section*.84}{\376\377\000A\000\040\000m\000u\000l\000t\000i\000-\000p\000a\000n\000e\000l\000\040\000t\000a\000b\000l\000e}{chapter*.64}% 30
\BOOKMARK [0][-]{chapter*.86}{\376\377\000C\000r\000o\000s\000s\000-\000r\000e\000f\000e\000r\000e\000n\000c\000e\000s\000\040\000a\000n\000d\000\040\000q\000u\000o\000t\000e\000s}{part*.63}% 31
\BOOKMARK [1][-]{section*.87}{\376\377\000C\000r\000o\000s\000s\000-\000r\000e\000f\000e\000r\000e\000n\000c\000e\000s}{chapter*.86}% 32
\BOOKMARK [1][-]{section*.88}{\376\377\000Q\000u\000o\000t\000e\000s}{chapter*.86}% 33
\BOOKMARK [1][-]{section*.89}{\376\377\000A\000n\000o\000t\000h\000e\000r\000\040\000s\000e\000c\000t\000i\000o\000n\000\040\000w\000i\000t\000h\000\040\000t\000e\000x\000t}{chapter*.86}% 34
\BOOKMARK [1][-]{section*.94}{\376\377\000Y\000e\000t\000\040\000m\000o\000r\000e\000\040\000t\000e\000x\000t}{chapter*.86}% 35
\BOOKMARK [0][-]{chapter*.95}{\376\377\000F\000u\000r\000t\000h\000e\000r\000\040\000r\000e\000s\000u\000l\000t\000s}{part*.63}% 36
\BOOKMARK [1][-]{section*.96}{\376\377\000A\000d\000d\000i\000t\000i\000o\000n\000a\000l\000\040\000e\000q\000u\000a\000t\000i\000o\000n\000s}{chapter*.95}% 37
\BOOKMARK [1][-]{section*.101}{\376\377\000D\000i\000s\000c\000u\000s\000s\000i\000o\000n}{chapter*.95}% 38
\BOOKMARK [0][-]{chapter*.102}{\376\377\000E\000x\000t\000e\000n\000s\000i\000o\000n\000s}{part*.63}% 39
\BOOKMARK [1][-]{section*.103}{\376\377\000F\000i\000r\000s\000t\000\040\000e\000x\000t\000e\000n\000s\000i\000o\000n}{chapter*.102}% 40
\BOOKMARK [1][-]{section*.109}{\376\377\000S\000e\000c\000o\000n\000d\000\040\000e\000x\000t\000e\000n\000s\000i\000o\000n}{chapter*.102}% 41
\BOOKMARK [1][-]{section*.110}{\376\377\000T\000h\000i\000r\000d\000\040\000e\000x\000t\000e\000n\000s\000i\000o\000n}{chapter*.102}% 42
\BOOKMARK [-1][-]{part*.111}{\376\377\000I\000I\000\040\000C\000o\000n\000c\000l\000u\000s\000i\000o\000n}{}% 43
\BOOKMARK [0][-]{chapter*.112}{\376\377\000S\000u\000m\000m\000a\000r\000y}{part*.111}% 44
\BOOKMARK [1][-]{section*.113}{\376\377\000M\000a\000i\000n\000\040\000f\000i\000n\000d\000i\000n\000g\000s}{chapter*.112}% 45
\BOOKMARK [1][-]{section*.114}{\376\377\000K\000e\000y\000\040\000t\000a\000k\000e\000a\000w\000a\000y\000s}{chapter*.112}% 46
\BOOKMARK [1][-]{section*.115}{\376\377\000C\000l\000o\000s\000i\000n\000g\000\040\000r\000e\000m\000a\000r\000k}{chapter*.112}% 47
\BOOKMARK [0][-]{chapter*.116}{\376\377\000F\000u\000t\000u\000r\000e\000\040\000r\000e\000s\000e\000a\000r\000c\000h}{part*.111}% 48
\BOOKMARK [1][-]{section*.117}{\376\377\000O\000p\000e\000n\000\040\000q\000u\000e\000s\000t\000i\000o\000n\000s}{chapter*.116}% 49
\BOOKMARK [1][-]{section*.118}{\376\377\000R\000e\000l\000a\000t\000e\000d\000\040\000l\000i\000t\000e\000r\000a\000t\000u\000r\000e}{chapter*.116}% 50
\BOOKMARK [1][-]{section*.119}{\376\377\000C\000o\000n\000c\000l\000u\000d\000i\000n\000g\000\040\000r\000e\000m\000a\000r\000k\000s}{chapter*.116}% 51
\BOOKMARK [-1][-]{part*.120}{\376\377\000I\000I\000I\000\040\000T\000e\000c\000h\000n\000i\000c\000a\000l\000\040\000a\000p\000p\000e\000n\000d\000i\000x}{}% 52
\BOOKMARK [0][-]{appendix*.121}{\376\377\000G\000e\000n\000e\000r\000i\000c\000\040\000t\000e\000c\000h\000n\000i\000c\000a\000l\000\040\000t\000o\000p\000i\000c}{part*.120}% 53
\BOOKMARK [1][-]{section*.122}{\376\377\000G\000e\000n\000e\000r\000i\000c\000\040\000a\000p\000p\000e\000n\000d\000i\000x\000\040\000s\000e\000c\000t\000i\000o\000n}{appendix*.121}% 54
\BOOKMARK [1][-]{section*.123}{\376\377\000A\000s\000s\000u\000m\000p\000t\000i\000o\000n\000s\000\040\000a\000n\000d\000\040\000t\000h\000e\000o\000r\000e\000m\000s\000\040\000a\000n\000d\000\040\000p\000r\000o\000o\000f\000s}{appendix*.121}% 55
\BOOKMARK [1][-]{section*.128}{\376\377\000M\000o\000r\000e\000\040\000m\000a\000t\000h}{appendix*.121}% 56
\BOOKMARK [0][-]{appendix*.131}{\376\377\000A\000n\000o\000t\000h\000e\000r\000\040\000t\000e\000c\000h\000n\000i\000c\000a\000l\000\040\000t\000o\000p\000i\000c}{part*.120}% 57
\BOOKMARK [1][-]{section*.132}{\376\377\000L\000a\000r\000g\000e\000r\000\040\000f\000i\000g\000u\000r\000e\000,\000\040\000w\000i\000t\000h\000o\000u\000t\000\040\000p\000a\000n\000e\000l\000,\000\040\000i\000n\000\040\000t\000h\000e\000\040\000a\000p\000p\000e\000n\000d\000i\000x}{appendix*.131}% 58
\BOOKMARK [1][-]{section*.135}{\376\377\000A\000\040\000f\000o\000o\000n\000o\000t\000e}{appendix*.131}% 59
\BOOKMARK [1][-]{section*.138}{\376\377\000R\000e\000f\000e\000r\000e\000n\000c\000e\000s}{appendix*.131}% 60
\BOOKMARK [0][-]{appendix*.139}{\376\377\000L\000a\000s\000t\000\040\000t\000e\000c\000h\000n\000i\000c\000a\000l\000\040\000t\000o\000p\000i\000c}{part*.120}% 61
\BOOKMARK [1][-]{section*.140}{\376\377\000A\000\040\000f\000i\000r\000s\000t\000\040\000s\000e\000c\000t\000i\000o\000n}{appendix*.139}% 62
\BOOKMARK [1][-]{section*.141}{\376\377\000A\000\040\000s\000e\000c\000o\000n\000d\000\040\000s\000e\000c\000t\000i\000o\000n}{appendix*.139}% 63
\BOOKMARK [1][-]{section*.146}{\376\377\000A\000\040\000t\000h\000i\000r\000d\000\040\000s\000e\000c\000t\000i\000o\000n}{appendix*.139}% 64
\BOOKMARK [0][-]{appendix*.147}{\376\377\000B\000i\000b\000l\000i\000o\000g\000r\000a\000p\000h\000y}{part*.120}% 65
\BOOKMARK [0][-]{appendix*.148}{\376\377\000A\000c\000k\000n\000o\000w\000l\000e\000d\000g\000m\000e\000n\000t\000s}{part*.120}% 66
\BOOKMARK [0][-]{section*.149}{\376\377\000I\000n\000d\000e\000x}{part*.120}% 67
